============================= test session starts ==============================
platform darwin -- Python 3.13.9, pytest-8.4.1, pluggy-1.6.0
rootdir: /Users/densuke/Documents/projects/blog-autopost
configfile: pytest.ini
plugins: anyio-4.9.0, order-1.3.0, cov-6.2.1
collected 359 items

tests/test_announcement.py ...                                           [  0%]
tests/test_article_manager.py ..................                         [  5%]
tests/test_article_manager_advanced.py ..............                    [  9%]
tests/test_auth_service.py ..                                            [ 10%]
tests/test_bluesky_plugin.py .....                                       [ 11%]
tests/test_bluesky_plugin_advanced.py ........................           [ 18%]
tests/test_core_posting_logic.py .........                               [ 20%]
tests/test_dao.py ...........ss...........                               [ 27%]
tests/test_direct_post.py .......                                        [ 29%]
tests/test_image_resizer.py ............................                 [ 37%]
tests/test_main.py ......                                                [ 38%]
tests/test_main_advanced.py ......................                       [ 45%]
tests/test_main_dryrun.py .                                              [ 45%]
tests/test_main_functions.py ...............................             [ 54%]
tests/test_mastodon_plugin.py ..                                         [ 54%]
tests/test_media_attachment.py ....................                      [ 60%]
tests/test_misskey_plugin.py ....                                        [ 61%]
tests/test_multiple_accounts.py .......                                  [ 63%]
tests/test_plugins.py .                                                  [ 63%]
tests/test_post_executor.py ...                                          [ 64%]
tests/test_posting_service.py ..                                         [ 64%]
tests/test_posting_service_advanced.py .........                         [ 67%]
tests/test_scheduled_post_api.py .................s......s.s             [ 74%]
tests/test_scheduled_post_model.py ..                                    [ 75%]
tests/test_scheduled_post_store.py ..........                            [ 78%]
tests/test_scheduler_service.py ...                                      [ 79%]
tests/test_threads_plugin.py ..........                                  [ 81%]
tests/test_ticket_manager.py ...................                         [ 87%]
tests/test_tumblr_plugin.py ...........                                  [ 90%]
tests/test_url_shortener.py ............                                 [ 93%]
tests/test_web_app.py .....s................                             [ 99%]
tests/test_x_plugin.py .                                                 [100%]/Users/densuke/Documents/projects/blog-autopost/.venv/lib/python3.13/site-packages/_pytest/unraisableexception.py:33: ResourceWarning: unclosed database in <sqlite3.Connection object at 0x10dea5b70>
  gc.collect()
ResourceWarning: Enable tracemalloc to get the object allocation traceback


================================ tests coverage ================================
_______________ coverage: platform darwin, python 3.13.9-final-0 _______________

Name                                     Stmts   Miss  Cover
------------------------------------------------------------
src/__init__.py                              0      0   100%
src/article_manager.py                     282    103    63%
src/config_manager.py                       93     38    59%
src/image_resizer.py                        88     23    74%
src/main.py                                469    108    77%
src/media_converter.py                     109     66    39%
src/media_validator.py                     140     19    86%
src/plugin_loader.py                        56     18    68%
src/plugins/__init__.py                      9      2    78%
src/plugins/bluesky.py                     262    117    55%
src/plugins/mastodon.py                     74     44    41%
src/plugins/misskey.py                      74     24    68%
src/plugins/threads.py                     114     37    68%
src/plugins/tumblr.py                      107      7    93%
src/plugins/x.py                            32     13    59%
src/text_optimizer.py                       82     27    67%
src/url_shortener.py                        33      6    82%
src/web/auth_service.py                     11      1    91%
src/web/core_posting_logic.py               63      3    95%
src/web/csrf_protection.py                 109     26    76%
src/web/dao.py                              90     19    79%
src/web/main_web.py                        342     99    71%
src/web/models.py                           43     10    77%
src/web/post_executor.py                    33      2    94%
src/web/posting_service.py                  63      5    92%
src/web/scheduled_post_model.py             39      1    97%
src/web/scheduled_post_store.py             83     17    80%
src/web/scheduled_post_store_sqlite.py      84     20    76%
src/web/scheduler_service.py                66      8    88%
src/web/ticket_manager.py                   67      4    94%
src/web/timezone_utils.py                   15      2    87%
------------------------------------------------------------
TOTAL                                     3132    869    72%
======================== 353 passed, 6 skipped in 6.86s ========================
